// Jest Snapshot v1, https://goo.gl/fbAQLP

exports[`pruebas del componente <GifGridItem /> snapshot 1`] = `
<div
  className="card animate__animated animate__fadeIn"
>
  <img
    alt="saitama GIF"
    src="https://media0.giphy.com/media/yo3TC0yeHd53G/giphy.gif"
  />
  <p>
    saitama GIF
  </p>
</div>
`;
