// Jest Snapshot v1, https://goo.gl/fbAQLP

exports[`pruebas del componente <GifGrid /> snapshot 1`] = `
<Fragment>
  <h3
    className="animate__animated animate__flash"
  >
    One Punch
  </h3>
  <p>
    Loading...
  </p>
  <div
    className="card-grid"
  />
</Fragment>
`;
