// Jest Snapshot v1, https://goo.gl/fbAQLP

exports[`pruebas del componente <HomeScreen /> snapshot 1`] = `
Array [
  <h1>
    HomeScreen
  </h1>,
  <hr />,
  <pre>
    {
   "name": "Juan",
   "email": "jm@gmail.com"
}
  </pre>,
]
`;
