// Jest Snapshot v1, https://goo.gl/fbAQLP

exports[`pruebas del componente <RouterApp /> snapshot 1`] = `
Array [
  <nav
    className="navbar navbar-expand-sm navbar-dark bg-dark"
  >
    <a
      className="navbar-brand"
      href="/"
      onClick={[Function]}
    >
      useContext
    </a>
    <div
      className="collapse navbar-collapse"
      id="navbarNavAltMarkup"
    >
      <div
        className="navbar-nav"
      >
        <a
          className="nav-item nav-link"
          href="/"
          onClick={[Function]}
        >
          Home
        </a>
        <a
          className="nav-item nav-link"
          href="/about"
          onClick={[Function]}
        >
          About
        </a>
        <a
          className="nav-item nav-link"
          href="/login"
          onClick={[Function]}
        >
          Login
        </a>
      </div>
    </div>
  </nav>,
  <div
    className="container"
  >
    Array [
      <h1>
        HomeScreen
      </h1>,
      <hr />,
      <pre>
        {
   "name": "Juan",
   "email": "jm@gmail.com"
}
      </pre>,
    ]
  </div>,
]
`;
