// Jest Snapshot v1, https://goo.gl/fbAQLP

exports[`pruebas del componente <RefExample /> snapshot 1`] = `
<Fragment>
  <h1>
    RefExample
  </h1>
  <hr />
  <button
    className="btn btn-primary"
    onClick={[Function]}
  >
    ShowHide
  </button>
</Fragment>
`;
