// Jest Snapshot v1, https://goo.gl/fbAQLP

exports[`pruebas del componente <HookApp /> snapshot 1`] = `
<div>
  Hola Mundo!!!
</div>
`;
